// Jest Snapshot v1, https://goo.gl/fbAQLP

exports[`components/Alert renders correctly 1`] = `ShallowWrapper {}`;
