// Jest Snapshot v1, https://goo.gl/fbAQLP

exports[`pages/ExplorerMap renders correctly 1`] = `ShallowWrapper {}`;
