// Jest Snapshot v1, https://goo.gl/fbAQLP

exports[`pages/Page404 renders correctly 1`] = `ShallowWrapper {}`;
