// Jest Snapshot v1, https://goo.gl/fbAQLP

exports[`pages/CascadeAndSenseStatistics renders correctly 1`] = `ShallowWrapper {}`;
