// Jest Snapshot v1, https://goo.gl/fbAQLP

exports[`pages/Explorer renders correctly 1`] = `ShallowWrapper {}`;
