// Jest Snapshot v1, https://goo.gl/fbAQLP

exports[`pages/HistoricalStatistics/BlockchainSize renders correctly 1`] = `ShallowWrapper {}`;
