// Jest Snapshot v1, https://goo.gl/fbAQLP

exports[`pages/Supernodes renders correctly 1`] = `ShallowWrapper {}`;
