// Jest Snapshot v1, https://goo.gl/fbAQLP

exports[`components/Pagination renders correctly 1`] = `ShallowWrapper {}`;
