// Jest Snapshot v1, https://goo.gl/fbAQLP

exports[`components/HistoricalStatisticsLayout renders correctly 1`] = `ShallowWrapper {}`;
