// Jest Snapshot v1, https://goo.gl/fbAQLP

exports[`pages/AddressDetails renders correctly 1`] = `ShallowWrapper {}`;
