// Jest Snapshot v1, https://goo.gl/fbAQLP

exports[`components/Navbar renders correctly 1`] = `ShallowWrapper {}`;
