// Jest Snapshot v1, https://goo.gl/fbAQLP

exports[`components/Dropdown renders correctly 1`] = `ShallowWrapper {}`;
