// Jest Snapshot v1, https://goo.gl/fbAQLP

exports[`pages/Tickets renders correctly 1`] = `ShallowWrapper {}`;
