// Jest Snapshot v1, https://goo.gl/fbAQLP

exports[`components/SvgIcon/Medium renders correctly 1`] = `ShallowWrapper {}`;
