// Jest Snapshot v1, https://goo.gl/fbAQLP

exports[`components/SvgIcon/Sent renders correctly 1`] = `ShallowWrapper {}`;
