// Jest Snapshot v1, https://goo.gl/fbAQLP

exports[`components/SvgIcon/TelegramIcon renders correctly 1`] = `ShallowWrapper {}`;
