// Jest Snapshot v1, https://goo.gl/fbAQLP

exports[`components/SvgIcon/TwitterIcon renders correctly 1`] = `ShallowWrapper {}`;
