// Jest Snapshot v1, https://goo.gl/fbAQLP

exports[`components/Charts/DoughnutChart renders correctly 1`] = `ShallowWrapper {}`;
