// Jest Snapshot v1, https://goo.gl/fbAQLP

exports[`pages/Statistics/BlockStatistics renders correctly 1`] = `ShallowWrapper {}`;
