// Jest Snapshot v1, https://goo.gl/fbAQLP

exports[`components/Header renders correctly 1`] = `ShallowWrapper {}`;
