// Jest Snapshot v1, https://goo.gl/fbAQLP

exports[`pages/Statistics/BlockStatistics/BlockVisualization renders correctly 1`] = `ShallowWrapper {}`;
