// Jest Snapshot v1, https://goo.gl/fbAQLP

exports[`pages/HistoricalStatistics/MempoolSize renders correctly 1`] = `ShallowWrapper {}`;
