// Jest Snapshot v1, https://goo.gl/fbAQLP

exports[`pages/HistoricalStatistics/PercentOfPSLStaked renders correctly 1`] = `ShallowWrapper {}`;
