// Jest Snapshot v1, https://goo.gl/fbAQLP

exports[`components/ActionRegistrationTicket renders correctly 1`] = `ShallowWrapper {}`;
