// Jest Snapshot v1, https://goo.gl/fbAQLP

exports[`components/NFTActivationTicket renders correctly 1`] = `ShallowWrapper {}`;
