// Jest Snapshot v1, https://goo.gl/fbAQLP

exports[`components/NFTCollectionRegistrationTicket renders correctly 1`] = `ShallowWrapper {}`;
