// Jest Snapshot v1, https://goo.gl/fbAQLP

exports[`components/NFTCollectionActivationTicket renders correctly 1`] = `ShallowWrapper {}`;
