// Jest Snapshot v1, https://goo.gl/fbAQLP

exports[`components/OfferTicket renders correctly 1`] = `ShallowWrapper {}`;
