// Jest Snapshot v1, https://goo.gl/fbAQLP

exports[`components/UserNameChangeTicket renders correctly 1`] = `ShallowWrapper {}`;
