// Jest Snapshot v1, https://goo.gl/fbAQLP

exports[`pages/HistoricalStatistics/AverageTransactionsPerBlock renders correctly 1`] = `ShallowWrapper {}`;
