// Jest Snapshot v1, https://goo.gl/fbAQLP

exports[`pages/HistoricalStatistics/TotalTransactionsCount renders correctly 1`] = `ShallowWrapper {}`;
