// Jest Snapshot v1, https://goo.gl/fbAQLP

exports[`components/InfinityTable renders correctly 1`] = `ShallowWrapper {}`;
