// Jest Snapshot v1, https://goo.gl/fbAQLP

exports[`pages/SenseDetails renders correctly 1`] = `ShallowWrapper {}`;
