// Jest Snapshot v1, https://goo.gl/fbAQLP

exports[`pages/ErrorHandler renders correctly 1`] = `ShallowWrapper {}`;
