// Jest Snapshot v1, https://goo.gl/fbAQLP

exports[`pages/Statistics/TransactionStatistics/VolumeTransactions renders correctly 1`] = `ShallowWrapper {}`;
