// Jest Snapshot v1, https://goo.gl/fbAQLP

exports[`components/Progress/LinearProgress renders correctly 1`] = `ShallowWrapper {}`;
