// Jest Snapshot v1, https://goo.gl/fbAQLP

exports[`pages/LatestTransactions renders correctly 1`] = `ShallowWrapper {}`;
