// Jest Snapshot v1, https://goo.gl/fbAQLP

exports[`pages/HistoricalStatistics/TransactionPerSecond renders correctly 1`] = `ShallowWrapper {}`;
