// Jest Snapshot v1, https://goo.gl/fbAQLP

exports[`pages/SupernodeStatistics renders correctly 1`] = `ShallowWrapper {}`;
