// Jest Snapshot v1, https://goo.gl/fbAQLP

exports[`pages/HistoricalStatistics/Accounts renders correctly 1`] = `ShallowWrapper {}`;
