// Jest Snapshot v1, https://goo.gl/fbAQLP

exports[`components/Map renders correctly 1`] = `ShallowWrapper {}`;
