// Jest Snapshot v1, https://goo.gl/fbAQLP

exports[`components/Social renders correctly 1`] = `ShallowWrapper {}`;
