// Jest Snapshot v1, https://goo.gl/fbAQLP

exports[`pages/TransactionDetails renders correctly 1`] = `ShallowWrapper {}`;
