// Jest Snapshot v1, https://goo.gl/fbAQLP

exports[`pages/HistoricalStatistics/TransactionFee renders correctly 1`] = `ShallowWrapper {}`;
