// Jest Snapshot v1, https://goo.gl/fbAQLP

exports[`pages/HistoricalStatistics/TotalTransactionsPerDay renders correctly 1`] = `ShallowWrapper {}`;
